node_modules/@types/babel__core/index.d.ts(2,31): error TS2792: Cannot find module '@babel/parser'. Did you mean to set the 'moduleResolution' option to 'nodenext', or to add aliases to the 'paths' option?
node_modules/@types/babel__core/index.d.ts(5,20): error TS2792: Cannot find module '@babel/types'. Did you mean to set the 'moduleResolution' option to 'nodenext', or to add aliases to the 'paths' option?
node_modules/@types/babel__core/index.d.ts(10,52): error TS2792: Cannot find module '@babel/parser'. Did you mean to set the 'moduleResolution' option to 'nodenext', or to add aliases to the 'paths' option?
node_modules/@types/babel__generator/index.d.ts(1,20): error TS2792: Cannot find module '@babel/types'. Did you mean to set the 'moduleResolution' option to 'nodenext', or to add aliases to the 'paths' option?
node_modules/@types/babel__template/index.d.ts(1,31): error TS2792: Cannot find module '@babel/parser'. Did you mean to set the 'moduleResolution' option to 'nodenext', or to add aliases to the 'paths' option?
node_modules/@types/babel__template/index.d.ts(2,48): error TS2792: Cannot find module '@babel/types'. Did you mean to set the 'moduleResolution' option to 'nodenext', or to add aliases to the 'paths' option?
node_modules/@types/babel__traverse/index.d.ts(1,20): error TS2792: Cannot find module '@babel/types'. Did you mean to set the 'moduleResolution' option to 'nodenext', or to add aliases to the 'paths' option?
node_modules/@types/babel__traverse/index.d.ts(361,28): error TS2536: Type '"type"' cannot be used to index type 'T'.
node_modules/@types/react/index.d.ts(7,22): error TS2792: Cannot find module 'csstype'. Did you mean to set the 'moduleResolution' option to 'nodenext', or to add aliases to the 'paths' option?
node_modules/@types/react/jsx-runtime.d.ts(1,24): error TS2792: Cannot find module './'. Did you mean to set the 'moduleResolution' option to 'nodenext', or to add aliases to the 'paths' option?
node_modules/@types/react/jsx-runtime.d.ts(2,26): error TS2792: Cannot find module './'. Did you mean to set the 'moduleResolution' option to 'nodenext', or to add aliases to the 'paths' option?
node_modules/typescript/lib/lib.dom.d.ts(23153,11): error TS2430: Interface 'TextDecoder' incorrectly extends interface 'import("node:util").TextDecoder'.
  Types of property 'decode' are incompatible.
    Type '(input?: AllowSharedBufferSource, options?: TextDecodeOptions) => string' is not assignable to type '(input?: NodeJS.AllowSharedBufferSource, options?: import("node:util").TextDecodeOptions) => string'.
      Types of parameters 'input' and 'input' are incompatible.
        Type 'NodeJS.AllowSharedBufferSource' is not assignable to type 'AllowSharedBufferSource'.
          Type 'SharedArrayBuffer' is not assignable to type 'AllowSharedBufferSource'.
            Type 'SharedArrayBuffer' is missing the following properties from type 'ArrayBuffer': resizable, resize, detached, transfer, transferToFixedLength
node_modules/typescript/lib/lib.dom.d.ts(23214,11): error TS2430: Interface 'TextEncoder' incorrectly extends interface 'import("node:util").TextEncoder'.
  The types returned by 'encode(...)' are incompatible between these types.
    Type 'Uint8Array<ArrayBufferLike>' is not assignable to type 'NonSharedUint8Array'.
      Type 'ArrayBufferLike' is not assignable to type 'ArrayBuffer'.
        Type 'SharedArrayBuffer' is missing the following properties from type 'ArrayBuffer': resizable, resize, detached, transfer, transferToFixedLength
src/hooks/useDatabase.ts(1,22): error TS2792: Cannot find module '@tauri-apps/plugin-sql'. Did you mean to set the 'moduleResolution' option to 'nodenext', or to add aliases to the 'paths' option?
src/pages/APrazo.tsx(3,106): error TS2792: Cannot find module 'lucide-react'. Did you mean to set the 'moduleResolution' option to 'nodenext', or to add aliases to the 'paths' option?
src/pages/APrazo.tsx(6,25): error TS2792: Cannot find module '@tauri-apps/plugin-opener'. Did you mean to set the 'moduleResolution' option to 'nodenext', or to add aliases to the 'paths' option?
src/pages/APrazo.tsx(7,24): error TS2792: Cannot find module '@tauri-apps/api/core'. Did you mean to set the 'moduleResolution' option to 'nodenext', or to add aliases to the 'paths' option?
src/pages/APrazo.tsx(8,22): error TS2792: Cannot find module '@tauri-apps/plugin-dialog'. Did you mean to set the 'moduleResolution' option to 'nodenext', or to add aliases to the 'paths' option?
src/pages/APrazo.tsx(9,26): error TS2792: Cannot find module 'lucide-react'. Did you mean to set the 'moduleResolution' option to 'nodenext', or to add aliases to the 'paths' option?
src/pages/APrazo.tsx(155,5): error TS2339: Property 'div' does not exist on type 'JSX.IntrinsicElements'.
src/pages/APrazo.tsx(156,7): error TS2339: Property 'label' does not exist on type 'JSX.IntrinsicElements'.
src/pages/APrazo.tsx(156,102): error TS2339: Property 'label' does not exist on type 'JSX.IntrinsicElements'.
src/pages/APrazo.tsx(157,7): error TS2339: Property 'input' does not exist on type 'JSX.IntrinsicElements'.
src/pages/APrazo.tsx(166,5): error TS2339: Property 'div' does not exist on type 'JSX.IntrinsicElements'.
src/pages/APrazo.tsx(182,5): error TS2339: Property 'div' does not exist on type 'JSX.IntrinsicElements'.
src/pages/APrazo.tsx(182,5): error TS2345: Argument of type 'Element' is not assignable to parameter of type 'ReactNode'.
src/pages/APrazo.tsx(189,5): error TS2339: Property 'div' does not exist on type 'JSX.IntrinsicElements'.
src/pages/APrazo.tsx(211,7): error TS2339: Property 'div' does not exist on type 'JSX.IntrinsicElements'.
src/pages/APrazo.tsx(212,9): error TS2339: Property 'h3' does not exist on type 'JSX.IntrinsicElements'.
src/pages/APrazo.tsx(212,101): error TS2339: Property 'h3' does not exist on type 'JSX.IntrinsicElements'.
src/pages/APrazo.tsx(213,9): error TS2339: Property 'p' does not exist on type 'JSX.IntrinsicElements'.
src/pages/APrazo.tsx(213,65): error TS2339: Property 'p' does not exist on type 'JSX.IntrinsicElements'.
src/pages/APrazo.tsx(214,9): error TS2339: Property 'div' does not exist on type 'JSX.IntrinsicElements'.
src/pages/APrazo.tsx(215,11): error TS2339: Property 'button' does not exist on type 'JSX.IntrinsicElements'.
src/pages/APrazo.tsx(218,11): error TS2339: Property 'button' does not exist on type 'JSX.IntrinsicElements'.
src/pages/APrazo.tsx(219,11): error TS2339: Property 'button' does not exist on type 'JSX.IntrinsicElements'.
src/pages/APrazo.tsx(222,11): error TS2339: Property 'button' does not exist on type 'JSX.IntrinsicElements'.
src/pages/APrazo.tsx(223,9): error TS2339: Property 'div' does not exist on type 'JSX.IntrinsicElements'.
src/pages/APrazo.tsx(224,7): error TS2339: Property 'div' does not exist on type 'JSX.IntrinsicElements'.
src/pages/APrazo.tsx(467,5): error TS2339: Property 'div' does not exist on type 'JSX.IntrinsicElements'.
src/pages/APrazo.tsx(468,7): error TS2339: Property 'div' does not exist on type 'JSX.IntrinsicElements'.
src/pages/APrazo.tsx(469,9): error TS2339: Property 'div' does not exist on type 'JSX.IntrinsicElements'.
src/pages/APrazo.tsx(471,11): error TS2339: Property 'input' does not exist on type 'JSX.IntrinsicElements'.
src/pages/APrazo.tsx(481,9): error TS2339: Property 'div' does not exist on type 'JSX.IntrinsicElements'.
src/pages/APrazo.tsx(482,9): error TS2339: Property 'button' does not exist on type 'JSX.IntrinsicElements'.
src/pages/APrazo.tsx(490,9): error TS2339: Property 'button' does not exist on type 'JSX.IntrinsicElements'.
src/pages/APrazo.tsx(491,7): error TS2339: Property 'div' does not exist on type 'JSX.IntrinsicElements'.
src/pages/APrazo.tsx(493,7): error TS2339: Property 'div' does not exist on type 'JSX.IntrinsicElements'.
src/pages/APrazo.tsx(494,9): error TS2339: Property 'table' does not exist on type 'JSX.IntrinsicElements'.
src/pages/APrazo.tsx(495,11): error TS2339: Property 'thead' does not exist on type 'JSX.IntrinsicElements'.
src/pages/APrazo.tsx(496,13): error TS2339: Property 'tr' does not exist on type 'JSX.IntrinsicElements'.
src/pages/APrazo.tsx(497,15): error TS2339: Property 'th' does not exist on type 'JSX.IntrinsicElements'.
src/pages/APrazo.tsx(497,45): error TS2339: Property 'th' does not exist on type 'JSX.IntrinsicElements'.
src/pages/APrazo.tsx(498,15): error TS2339: Property 'th' does not exist on type 'JSX.IntrinsicElements'.
src/pages/APrazo.tsx(498,49): error TS2339: Property 'th' does not exist on type 'JSX.IntrinsicElements'.
src/pages/APrazo.tsx(499,15): error TS2339: Property 'th' does not exist on type 'JSX.IntrinsicElements'.
src/pages/APrazo.tsx(499,57): error TS2339: Property 'th' does not exist on type 'JSX.IntrinsicElements'.
src/pages/APrazo.tsx(500,13): error TS2339: Property 'tr' does not exist on type 'JSX.IntrinsicElements'.
src/pages/APrazo.tsx(501,11): error TS2339: Property 'thead' does not exist on type 'JSX.IntrinsicElements'.
src/pages/APrazo.tsx(502,11): error TS2339: Property 'tbody' does not exist on type 'JSX.IntrinsicElements'.
src/pages/APrazo.tsx(504,15): error TS2339: Property 'tr' does not exist on type 'JSX.IntrinsicElements'.
src/pages/APrazo.tsx(504,19): error TS2339: Property 'td' does not exist on type 'JSX.IntrinsicElements'.
src/pages/APrazo.tsx(504,116): error TS2339: Property 'td' does not exist on type 'JSX.IntrinsicElements'.
src/pages/APrazo.tsx(504,121): error TS2339: Property 'tr' does not exist on type 'JSX.IntrinsicElements'.
src/pages/APrazo.tsx(507,15): error TS2339: Property 'tr' does not exist on type 'JSX.IntrinsicElements'.
src/pages/APrazo.tsx(516,17): error TS2339: Property 'td' does not exist on type 'JSX.IntrinsicElements'.
src/pages/APrazo.tsx(516,76): error TS2339: Property 'td' does not exist on type 'JSX.IntrinsicElements'.
src/pages/APrazo.tsx(517,17): error TS2339: Property 'td' does not exist on type 'JSX.IntrinsicElements'.
src/pages/APrazo.tsx(517,94): error TS2339: Property 'td' does not exist on type 'JSX.IntrinsicElements'.
src/pages/APrazo.tsx(518,17): error TS2339: Property 'td' does not exist on type 'JSX.IntrinsicElements'.
src/pages/APrazo.tsx(519,19): error TS2339: Property 'div' does not exist on type 'JSX.IntrinsicElements'.
src/pages/APrazo.tsx(520,21): error TS2339: Property 'button' does not exist on type 'JSX.IntrinsicElements'.
src/pages/APrazo.tsx(527,21): error TS2339: Property 'button' does not exist on type 'JSX.IntrinsicElements'.
src/pages/APrazo.tsx(528,21): error TS2339: Property 'button' does not exist on type 'JSX.IntrinsicElements'.
src/pages/APrazo.tsx(535,21): error TS2339: Property 'button' does not exist on type 'JSX.IntrinsicElements'.
src/pages/APrazo.tsx(536,21): error TS2339: Property 'button' does not exist on type 'JSX.IntrinsicElements'.
src/pages/APrazo.tsx(543,21): error TS2339: Property 'button' does not exist on type 'JSX.IntrinsicElements'.
src/pages/APrazo.tsx(544,19): error TS2339: Property 'div' does not exist on type 'JSX.IntrinsicElements'.
src/pages/APrazo.tsx(545,17): error TS2339: Property 'td' does not exist on type 'JSX.IntrinsicElements'.
src/pages/APrazo.tsx(547,15): error TS2339: Property 'tr' does not exist on type 'JSX.IntrinsicElements'.
src/pages/APrazo.tsx(549,11): error TS2339: Property 'tbody' does not exist on type 'JSX.IntrinsicElements'.
src/pages/APrazo.tsx(550,9): error TS2339: Property 'table' does not exist on type 'JSX.IntrinsicElements'.
src/pages/APrazo.tsx(551,7): error TS2339: Property 'div' does not exist on type 'JSX.IntrinsicElements'.
src/pages/APrazo.tsx(557,11): error TS2339: Property 'div' does not exist on type 'JSX.IntrinsicElements'.
src/pages/APrazo.tsx(558,13): error TS2339: Property 'div' does not exist on type 'JSX.IntrinsicElements'.
src/pages/APrazo.tsx(559,15): error TS2339: Property 'h3' does not exist on type 'JSX.IntrinsicElements'.
src/pages/APrazo.tsx(559,132): error TS2339: Property 'h3' does not exist on type 'JSX.IntrinsicElements'.
src/pages/APrazo.tsx(560,15): error TS2339: Property 'button' does not exist on type 'JSX.IntrinsicElements'.
src/pages/APrazo.tsx(560,119): error TS2339: Property 'button' does not exist on type 'JSX.IntrinsicElements'.
src/pages/APrazo.tsx(561,13): error TS2339: Property 'div' does not exist on type 'JSX.IntrinsicElements'.
src/pages/APrazo.tsx(562,13): error TS2339: Property 'form' does not exist on type 'JSX.IntrinsicElements'.
src/pages/APrazo.tsx(563,15): error TS2339: Property 'div' does not exist on type 'JSX.IntrinsicElements'.
src/pages/APrazo.tsx(564,17): error TS2339: Property 'label' does not exist on type 'JSX.IntrinsicElements'.
src/pages/APrazo.tsx(564,111): error TS2339: Property 'label' does not exist on type 'JSX.IntrinsicElements'.
src/pages/APrazo.tsx(565,17): error TS2339: Property 'input' does not exist on type 'JSX.IntrinsicElements'.
src/pages/APrazo.tsx(567,31): error TS2339: Property 'p' does not exist on type 'JSX.IntrinsicElements'.
src/pages/APrazo.tsx(567,83): error TS2339: Property 'p' does not exist on type 'JSX.IntrinsicElements'.
src/pages/APrazo.tsx(568,15): error TS2339: Property 'div' does not exist on type 'JSX.IntrinsicElements'.
src/pages/APrazo.tsx(569,15): error TS2339: Property 'div' does not exist on type 'JSX.IntrinsicElements'.
src/pages/APrazo.tsx(570,17): error TS2339: Property 'label' does not exist on type 'JSX.IntrinsicElements'.
src/pages/APrazo.tsx(570,113): error TS2339: Property 'label' does not exist on type 'JSX.IntrinsicElements'.
src/pages/APrazo.tsx(571,17): error TS2339: Property 'input' does not exist on type 'JSX.IntrinsicElements'.
src/pages/APrazo.tsx(573,15): error TS2339: Property 'div' does not exist on type 'JSX.IntrinsicElements'.
src/pages/APrazo.tsx(574,15): error TS2339: Property 'div' does not exist on type 'JSX.IntrinsicElements'.
src/pages/APrazo.tsx(575,17): error TS2339: Property 'label' does not exist on type 'JSX.IntrinsicElements'.
src/pages/APrazo.tsx(575,115): error TS2339: Property 'label' does not exist on type 'JSX.IntrinsicElements'.
src/pages/APrazo.tsx(576,17): error TS2339: Property 'input' does not exist on type 'JSX.IntrinsicElements'.
src/pages/APrazo.tsx(578,15): error TS2339: Property 'div' does not exist on type 'JSX.IntrinsicElements'.
src/pages/APrazo.tsx(579,15): error TS2339: Property 'div' does not exist on type 'JSX.IntrinsicElements'.
src/pages/APrazo.tsx(580,17): error TS2339: Property 'button' does not exist on type 'JSX.IntrinsicElements'.
src/pages/APrazo.tsx(580,188): error TS2339: Property 'button' does not exist on type 'JSX.IntrinsicElements'.
src/pages/APrazo.tsx(581,17): error TS2339: Property 'button' does not exist on type 'JSX.IntrinsicElements'.
src/pages/APrazo.tsx(581,81): error TS2339: Property 'button' does not exist on type 'JSX.IntrinsicElements'.
src/pages/APrazo.tsx(582,15): error TS2339: Property 'div' does not exist on type 'JSX.IntrinsicElements'.
src/pages/APrazo.tsx(583,13): error TS2339: Property 'form' does not exist on type 'JSX.IntrinsicElements'.
src/pages/APrazo.tsx(584,11): error TS2339: Property 'div' does not exist on type 'JSX.IntrinsicElements'.
src/pages/APrazo.tsx(591,11): error TS2339: Property 'div' does not exist on type 'JSX.IntrinsicElements'.
src/pages/APrazo.tsx(592,13): error TS2339: Property 'h3' does not exist on type 'JSX.IntrinsicElements'.
src/pages/APrazo.tsx(592,105): error TS2339: Property 'h3' does not exist on type 'JSX.IntrinsicElements'.
src/pages/APrazo.tsx(593,13): error TS2339: Property 'p' does not exist on type 'JSX.IntrinsicElements'.
src/pages/APrazo.tsx(593,73): error TS2339: Property 'p' does not exist on type 'JSX.IntrinsicElements'.
src/pages/APrazo.tsx(594,13): error TS2339: Property 'button' does not exist on type 'JSX.IntrinsicElements'.
src/pages/APrazo.tsx(597,13): error TS2339: Property 'button' does not exist on type 'JSX.IntrinsicElements'.
src/pages/APrazo.tsx(598,11): error TS2339: Property 'div' does not exist on type 'JSX.IntrinsicElements'.
src/pages/APrazo.tsx(603,5): error TS2339: Property 'div' does not exist on type 'JSX.IntrinsicElements'.
src/pages/APrazo.tsx(742,23): error TS2448: Block-scoped variable 'itensFiltrados' used before its declaration.
src/pages/APrazo.tsx(1124,7): error TS2448: Block-scoped variable 'itensFiltrados' used before its declaration.
src/pages/APrazo.tsx(1124,23): error TS2448: Block-scoped variable 'pagamentosFiltrados' used before its declaration.
src/pages/APrazo.tsx(1381,5): error TS2339: Property 'div' does not exist on type 'JSX.IntrinsicElements'.
src/pages/APrazo.tsx(1383,7): error TS2339: Property 'div' does not exist on type 'JSX.IntrinsicElements'.
src/pages/APrazo.tsx(1384,9): error TS2339: Property 'button' does not exist on type 'JSX.IntrinsicElements'.
src/pages/APrazo.tsx(1386,9): error TS2339: Property 'button' does not exist on type 'JSX.IntrinsicElements'.
src/pages/APrazo.tsx(1387,9): error TS2339: Property 'span' does not exist on type 'JSX.IntrinsicElements'.
src/pages/APrazo.tsx(1387,42): error TS2339: Property 'span' does not exist on type 'JSX.IntrinsicElements'.
src/pages/APrazo.tsx(1388,9): error TS2339: Property 'h2' does not exist on type 'JSX.IntrinsicElements'.
src/pages/APrazo.tsx(1388,87): error TS2339: Property 'h2' does not exist on type 'JSX.IntrinsicElements'.
src/pages/APrazo.tsx(1389,9): error TS2339: Property 'div' does not exist on type 'JSX.IntrinsicElements'.
src/pages/APrazo.tsx(1391,13): error TS2339: Property 'button' does not exist on type 'JSX.IntrinsicElements'.
src/pages/APrazo.tsx(1399,15): error TS2339: Property 'svg' does not exist on type 'JSX.IntrinsicElements'.
src/pages/APrazo.tsx(1399,83): error TS2339: Property 'path' does not exist on type 'JSX.IntrinsicElements'.
src/pages/APrazo.tsx(1399,1199): error TS2339: Property 'svg' does not exist on type 'JSX.IntrinsicElements'.
src/pages/APrazo.tsx(1401,13): error TS2339: Property 'button' does not exist on type 'JSX.IntrinsicElements'.
src/pages/APrazo.tsx(1403,11): error TS2339: Property 'button' does not exist on type 'JSX.IntrinsicElements'.
src/pages/APrazo.tsx(1412,11): error TS2339: Property 'button' does not exist on type 'JSX.IntrinsicElements'.
src/pages/APrazo.tsx(1414,13): error TS2339: Property 'button' does not exist on type 'JSX.IntrinsicElements'.
src/pages/APrazo.tsx(1420,13): error TS2339: Property 'button' does not exist on type 'JSX.IntrinsicElements'.
src/pages/APrazo.tsx(1422,9): error TS2339: Property 'div' does not exist on type 'JSX.IntrinsicElements'.
src/pages/APrazo.tsx(1423,7): error TS2339: Property 'div' does not exist on type 'JSX.IntrinsicElements'.
src/pages/APrazo.tsx(1425,7): error TS2339: Property 'div' does not exist on type 'JSX.IntrinsicElements'.
src/pages/APrazo.tsx(1426,9): error TS2339: Property 'div' does not exist on type 'JSX.IntrinsicElements'.
src/pages/APrazo.tsx(1427,11): error TS2339: Property 'p' does not exist on type 'JSX.IntrinsicElements'.
src/pages/APrazo.tsx(1427,105): error TS2339: Property 'p' does not exist on type 'JSX.IntrinsicElements'.
src/pages/APrazo.tsx(1428,11): error TS2339: Property 'p' does not exist on type 'JSX.IntrinsicElements'.
src/pages/APrazo.tsx(1430,11): error TS2339: Property 'p' does not exist on type 'JSX.IntrinsicElements'.
src/pages/APrazo.tsx(1431,9): error TS2339: Property 'div' does not exist on type 'JSX.IntrinsicElements'.
src/pages/APrazo.tsx(1432,9): error TS2339: Property 'div' does not exist on type 'JSX.IntrinsicElements'.
src/pages/APrazo.tsx(1432,47): error TS2339: Property 'div' does not exist on type 'JSX.IntrinsicElements'.
src/pages/APrazo.tsx(1433,9): error TS2339: Property 'div' does not exist on type 'JSX.IntrinsicElements'.
src/pages/APrazo.tsx(1434,11): error TS2339: Property 'p' does not exist on type 'JSX.IntrinsicElements'.
src/pages/APrazo.tsx(1434,90): error TS2339: Property 'p' does not exist on type 'JSX.IntrinsicElements'.
src/pages/APrazo.tsx(1435,11): error TS2339: Property 'p' does not exist on type 'JSX.IntrinsicElements'.
src/pages/APrazo.tsx(1435,101): error TS2339: Property 'p' does not exist on type 'JSX.IntrinsicElements'.
src/pages/APrazo.tsx(1436,9): error TS2339: Property 'div' does not exist on type 'JSX.IntrinsicElements'.
src/pages/APrazo.tsx(1437,9): error TS2339: Property 'div' does not exist on type 'JSX.IntrinsicElements'.
src/pages/APrazo.tsx(1438,11): error TS2339: Property 'p' does not exist on type 'JSX.IntrinsicElements'.
src/pages/APrazo.tsx(1438,91): error TS2339: Property 'p' does not exist on type 'JSX.IntrinsicElements'.
src/pages/APrazo.tsx(1439,11): error TS2339: Property 'p' does not exist on type 'JSX.IntrinsicElements'.
src/pages/APrazo.tsx(1439,102): error TS2339: Property 'p' does not exist on type 'JSX.IntrinsicElements'.
src/pages/APrazo.tsx(1440,9): error TS2339: Property 'div' does not exist on type 'JSX.IntrinsicElements'.
src/pages/APrazo.tsx(1441,7): error TS2339: Property 'div' does not exist on type 'JSX.IntrinsicElements'.
src/pages/APrazo.tsx(1444,7): error TS2339: Property 'div' does not exist on type 'JSX.IntrinsicElements'.
src/pages/APrazo.tsx(1445,9): error TS2339: Property 'div' does not exist on type 'JSX.IntrinsicElements'.
src/pages/APrazo.tsx(1449,9): error TS2339: Property 'div' does not exist on type 'JSX.IntrinsicElements'.
src/pages/APrazo.tsx(1450,9): error TS2339: Property 'div' does not exist on type 'JSX.IntrinsicElements'.
src/pages/APrazo.tsx(1454,9): error TS2339: Property 'div' does not exist on type 'JSX.IntrinsicElements'.
src/pages/APrazo.tsx(1456,9): error TS2339: Property 'div' does not exist on type 'JSX.IntrinsicElements'.
src/pages/APrazo.tsx(1457,11): error TS2339: Property 'div' does not exist on type 'JSX.IntrinsicElements'.
src/pages/APrazo.tsx(1458,13): error TS2339: Property 'p' does not exist on type 'JSX.IntrinsicElements'.
src/pages/APrazo.tsx(1458,91): error TS2339: Property 'p' does not exist on type 'JSX.IntrinsicElements'.
src/pages/APrazo.tsx(1459,13): error TS2339: Property 'p' does not exist on type 'JSX.IntrinsicElements'.
src/pages/APrazo.tsx(1459,103): error TS2339: Property 'p' does not exist on type 'JSX.IntrinsicElements'.
src/pages/APrazo.tsx(1460,11): error TS2339: Property 'div' does not exist on type 'JSX.IntrinsicElements'.
src/pages/APrazo.tsx(1461,11): error TS2339: Property 'div' does not exist on type 'JSX.IntrinsicElements'.
src/pages/APrazo.tsx(1462,13): error TS2339: Property 'p' does not exist on type 'JSX.IntrinsicElements'.
src/pages/APrazo.tsx(1462,88): error TS2339: Property 'p' does not exist on type 'JSX.IntrinsicElements'.
src/pages/APrazo.tsx(1463,13): error TS2339: Property 'p' does not exist on type 'JSX.IntrinsicElements'.
src/pages/APrazo.tsx(1463,104): error TS2339: Property 'p' does not exist on type 'JSX.IntrinsicElements'.
src/pages/APrazo.tsx(1464,11): error TS2339: Property 'div' does not exist on type 'JSX.IntrinsicElements'.
src/pages/APrazo.tsx(1465,11): error TS2339: Property 'div' does not exist on type 'JSX.IntrinsicElements'.
src/pages/APrazo.tsx(1466,13): error TS2339: Property 'p' does not exist on type 'JSX.IntrinsicElements'.
src/pages/APrazo.tsx(1466,87): error TS2339: Property 'p' does not exist on type 'JSX.IntrinsicElements'.
src/pages/APrazo.tsx(1467,13): error TS2339: Property 'p' does not exist on type 'JSX.IntrinsicElements'.
src/pages/APrazo.tsx(1467,153): error TS2339: Property 'p' does not exist on type 'JSX.IntrinsicElements'.
src/pages/APrazo.tsx(1468,11): error TS2339: Property 'div' does not exist on type 'JSX.IntrinsicElements'.
src/pages/APrazo.tsx(1469,9): error TS2339: Property 'div' does not exist on type 'JSX.IntrinsicElements'.
src/pages/APrazo.tsx(1470,7): error TS2339: Property 'div' does not exist on type 'JSX.IntrinsicElements'.
src/pages/APrazo.tsx(1474,9): error TS2339: Property 'div' does not exist on type 'JSX.IntrinsicElements'.
src/pages/APrazo.tsx(1475,11): error TS2339: Property 'p' does not exist on type 'JSX.IntrinsicElements'.
src/pages/APrazo.tsx(1475,117): error TS2339: Property 'p' does not exist on type 'JSX.IntrinsicElements'.
src/pages/APrazo.tsx(1476,11): error TS2339: Property 'button' does not exist on type 'JSX.IntrinsicElements'.
src/pages/APrazo.tsx(1476,114): error TS2339: Property 'button' does not exist on type 'JSX.IntrinsicElements'.
src/pages/APrazo.tsx(1477,9): error TS2339: Property 'div' does not exist on type 'JSX.IntrinsicElements'.
src/pages/APrazo.tsx(1480,7): error TS2339: Property 'div' does not exist on type 'JSX.IntrinsicElements'.
src/pages/APrazo.tsx(1482,9): error TS2339: Property 'div' does not exist on type 'JSX.IntrinsicElements'.
src/pages/APrazo.tsx(1483,11): error TS2339: Property 'div' does not exist on type 'JSX.IntrinsicElements'.
src/pages/APrazo.tsx(1484,13): error TS2339: Property 'p' does not exist on type 'JSX.IntrinsicElements'.
src/pages/APrazo.tsx(1484,119): error TS2339: Property 'p' does not exist on type 'JSX.IntrinsicElements'.
src/pages/APrazo.tsx(1485,13): error TS2339: Property 'button' does not exist on type 'JSX.IntrinsicElements'.
src/pages/APrazo.tsx(1491,13): error TS2339: Property 'button' does not exist on type 'JSX.IntrinsicElements'.
src/pages/APrazo.tsx(1493,11): error TS2339: Property 'div' does not exist on type 'JSX.IntrinsicElements'.
src/pages/APrazo.tsx(1494,11): error TS2339: Property 'div' does not exist on type 'JSX.IntrinsicElements'.
src/pages/APrazo.tsx(1495,45): error TS2339: Property 'p' does not exist on type 'JSX.IntrinsicElements'.
src/pages/APrazo.tsx(1495,124): error TS2339: Property 'p' does not exist on type 'JSX.IntrinsicElements'.
src/pages/APrazo.tsx(1497,15): error TS2339: Property 'div' does not exist on type 'JSX.IntrinsicElements'.
src/pages/APrazo.tsx(1510,17): error TS2339: Property 'span' does not exist on type 'JSX.IntrinsicElements'.
src/pages/APrazo.tsx(1510,99): error TS2339: Property 'span' does not exist on type 'JSX.IntrinsicElements'.
src/pages/APrazo.tsx(1511,17): error TS2339: Property 'span' does not exist on type 'JSX.IntrinsicElements'.
src/pages/APrazo.tsx(1511,86): error TS2339: Property 'span' does not exist on type 'JSX.IntrinsicElements'.
src/pages/APrazo.tsx(1512,17): error TS2339: Property 'span' does not exist on type 'JSX.IntrinsicElements'.
src/pages/APrazo.tsx(1512,91): error TS2339: Property 'span' does not exist on type 'JSX.IntrinsicElements'.
src/pages/APrazo.tsx(1513,17): error TS2339: Property 'span' does not exist on type 'JSX.IntrinsicElements'.
src/pages/APrazo.tsx(1513,139): error TS2339: Property 'span' does not exist on type 'JSX.IntrinsicElements'.
src/pages/APrazo.tsx(1514,17): error TS2339: Property 'div' does not exist on type 'JSX.IntrinsicElements'.
src/pages/APrazo.tsx(1515,19): error TS2339: Property 'button' does not exist on type 'JSX.IntrinsicElements'.
src/pages/APrazo.tsx(1522,19): error TS2339: Property 'button' does not exist on type 'JSX.IntrinsicElements'.
src/pages/APrazo.tsx(1523,19): error TS2339: Property 'button' does not exist on type 'JSX.IntrinsicElements'.
src/pages/APrazo.tsx(1530,19): error TS2339: Property 'button' does not exist on type 'JSX.IntrinsicElements'.
src/pages/APrazo.tsx(1531,17): error TS2339: Property 'div' does not exist on type 'JSX.IntrinsicElements'.
src/pages/APrazo.tsx(1532,15): error TS2339: Property 'div' does not exist on type 'JSX.IntrinsicElements'.
src/pages/APrazo.tsx(1534,11): error TS2339: Property 'div' does not exist on type 'JSX.IntrinsicElements'.
src/pages/APrazo.tsx(1535,9): error TS2339: Property 'div' does not exist on type 'JSX.IntrinsicElements'.
src/pages/APrazo.tsx(1538,9): error TS2339: Property 'div' does not exist on type 'JSX.IntrinsicElements'.
src/pages/APrazo.tsx(1539,11): error TS2339: Property 'div' does not exist on type 'JSX.IntrinsicElements'.
src/pages/APrazo.tsx(1540,13): error TS2339: Property 'p' does not exist on type 'JSX.IntrinsicElements'.
src/pages/APrazo.tsx(1540,96): error TS2339: Property 'p' does not exist on type 'JSX.IntrinsicElements'.
src/pages/APrazo.tsx(1541,11): error TS2339: Property 'div' does not exist on type 'JSX.IntrinsicElements'.
src/pages/APrazo.tsx(1544,11): error TS2339: Property 'form' does not exist on type 'JSX.IntrinsicElements'.
src/pages/APrazo.tsx(1548,13): error TS2339: Property 'div' does not exist on type 'JSX.IntrinsicElements'.
src/pages/APrazo.tsx(1549,15): error TS2339: Property 'label' does not exist on type 'JSX.IntrinsicElements'.
src/pages/APrazo.tsx(1549,113): error TS2339: Property 'label' does not exist on type 'JSX.IntrinsicElements'.
src/pages/APrazo.tsx(1550,15): error TS2339: Property 'input' does not exist on type 'JSX.IntrinsicElements'.
src/pages/APrazo.tsx(1555,13): error TS2339: Property 'div' does not exist on type 'JSX.IntrinsicElements'.
src/pages/APrazo.tsx(1556,13): error TS2339: Property 'div' does not exist on type 'JSX.IntrinsicElements'.
src/pages/APrazo.tsx(1557,15): error TS2339: Property 'label' does not exist on type 'JSX.IntrinsicElements'.
src/pages/APrazo.tsx(1557,107): error TS2339: Property 'label' does not exist on type 'JSX.IntrinsicElements'.
src/pages/APrazo.tsx(1558,15): error TS2339: Property 'input' does not exist on type 'JSX.IntrinsicElements'.
src/pages/APrazo.tsx(1562,13): error TS2339: Property 'div' does not exist on type 'JSX.IntrinsicElements'.
src/pages/APrazo.tsx(1563,26): error TS2339: Property 'p' does not exist on type 'JSX.IntrinsicElements'.
src/pages/APrazo.tsx(1563,72): error TS2339: Property 'p' does not exist on type 'JSX.IntrinsicElements'.
src/pages/APrazo.tsx(1564,13): error TS2339: Property 'button' does not exist on type 'JSX.IntrinsicElements'.
src/pages/APrazo.tsx(1568,13): error TS2339: Property 'button' does not exist on type 'JSX.IntrinsicElements'.
src/pages/APrazo.tsx(1569,11): error TS2339: Property 'form' does not exist on type 'JSX.IntrinsicElements'.
src/pages/APrazo.tsx(1572,11): error TS2339: Property 'div' does not exist on type 'JSX.IntrinsicElements'.
src/pages/APrazo.tsx(1573,50): error TS2339: Property 'p' does not exist on type 'JSX.IntrinsicElements'.
src/pages/APrazo.tsx(1573,131): error TS2339: Property 'p' does not exist on type 'JSX.IntrinsicElements'.
src/pages/APrazo.tsx(1575,15): error TS2339: Property 'div' does not exist on type 'JSX.IntrinsicElements'.
src/pages/APrazo.tsx(1583,17): error TS2339: Property 'div' does not exist on type 'JSX.IntrinsicElements'.
src/pages/APrazo.tsx(1584,19): error TS2339: Property 'p' does not exist on type 'JSX.IntrinsicElements'.
src/pages/APrazo.tsx(1584,93): error TS2339: Property 'p' does not exist on type 'JSX.IntrinsicElements'.
src/pages/APrazo.tsx(1585,36): error TS2339: Property 'p' does not exist on type 'JSX.IntrinsicElements'.
src/pages/APrazo.tsx(1585,96): error TS2339: Property 'p' does not exist on type 'JSX.IntrinsicElements'.
src/pages/APrazo.tsx(1586,17): error TS2339: Property 'div' does not exist on type 'JSX.IntrinsicElements'.
src/pages/APrazo.tsx(1587,17): error TS2339: Property 'span' does not exist on type 'JSX.IntrinsicElements'.
src/pages/APrazo.tsx(1587,99): error TS2339: Property 'span' does not exist on type 'JSX.IntrinsicElements'.
src/pages/APrazo.tsx(1588,17): error TS2339: Property 'div' does not exist on type 'JSX.IntrinsicElements'.
src/pages/APrazo.tsx(1589,19): error TS2339: Property 'button' does not exist on type 'JSX.IntrinsicElements'.
src/pages/APrazo.tsx(1596,19): error TS2339: Property 'button' does not exist on type 'JSX.IntrinsicElements'.
src/pages/APrazo.tsx(1597,19): error TS2339: Property 'button' does not exist on type 'JSX.IntrinsicElements'.
src/pages/APrazo.tsx(1604,19): error TS2339: Property 'button' does not exist on type 'JSX.IntrinsicElements'.
src/pages/APrazo.tsx(1605,17): error TS2339: Property 'div' does not exist on type 'JSX.IntrinsicElements'.
src/pages/APrazo.tsx(1606,15): error TS2339: Property 'div' does not exist on type 'JSX.IntrinsicElements'.
src/pages/APrazo.tsx(1608,11): error TS2339: Property 'div' does not exist on type 'JSX.IntrinsicElements'.
src/pages/APrazo.tsx(1609,9): error TS2339: Property 'div' does not exist on type 'JSX.IntrinsicElements'.
src/pages/APrazo.tsx(1610,7): error TS2339: Property 'div' does not exist on type 'JSX.IntrinsicElements'.
src/pages/APrazo.tsx(1620,11): error TS2339: Property 'div' does not exist on type 'JSX.IntrinsicElements'.
src/pages/APrazo.tsx(1621,13): error TS2339: Property 'div' does not exist on type 'JSX.IntrinsicElements'.
src/pages/APrazo.tsx(1622,15): error TS2339: Property 'h3' does not exist on type 'JSX.IntrinsicElements'.
src/pages/APrazo.tsx(1622,97): error TS2339: Property 'h3' does not exist on type 'JSX.IntrinsicElements'.
src/pages/APrazo.tsx(1623,15): error TS2339: Property 'button' does not exist on type 'JSX.IntrinsicElements'.
src/pages/APrazo.tsx(1623,115): error TS2339: Property 'button' does not exist on type 'JSX.IntrinsicElements'.
src/pages/APrazo.tsx(1624,13): error TS2339: Property 'div' does not exist on type 'JSX.IntrinsicElements'.
src/pages/APrazo.tsx(1625,13): error TS2339: Property 'form' does not exist on type 'JSX.IntrinsicElements'.
src/pages/APrazo.tsx(1626,15): error TS2339: Property 'div' does not exist on type 'JSX.IntrinsicElements'.
src/pages/APrazo.tsx(1627,17): error TS2339: Property 'label' does not exist on type 'JSX.IntrinsicElements'.
src/pages/APrazo.tsx(1627,112): error TS2339: Property 'label' does not exist on type 'JSX.IntrinsicElements'.
src/pages/APrazo.tsx(1628,17): error TS2339: Property 'input' does not exist on type 'JSX.IntrinsicElements'.
src/pages/APrazo.tsx(1636,15): error TS2339: Property 'div' does not exist on type 'JSX.IntrinsicElements'.
src/pages/APrazo.tsx(1637,15): error TS2339: Property 'div' does not exist on type 'JSX.IntrinsicElements'.
src/pages/APrazo.tsx(1638,17): error TS2339: Property 'label' does not exist on type 'JSX.IntrinsicElements'.
src/pages/APrazo.tsx(1638,115): error TS2339: Property 'label' does not exist on type 'JSX.IntrinsicElements'.
src/pages/APrazo.tsx(1639,17): error TS2339: Property 'input' does not exist on type 'JSX.IntrinsicElements'.
src/pages/APrazo.tsx(1647,15): error TS2339: Property 'div' does not exist on type 'JSX.IntrinsicElements'.
src/pages/APrazo.tsx(1648,15): error TS2339: Property 'div' does not exist on type 'JSX.IntrinsicElements'.
src/pages/APrazo.tsx(1649,17): error TS2339: Property 'label' does not exist on type 'JSX.IntrinsicElements'.
src/pages/APrazo.tsx(1649,121): error TS2339: Property 'label' does not exist on type 'JSX.IntrinsicElements'.
src/pages/APrazo.tsx(1650,17): error TS2339: Property 'input' does not exist on type 'JSX.IntrinsicElements'.
src/pages/APrazo.tsx(1657,15): error TS2339: Property 'div' does not exist on type 'JSX.IntrinsicElements'.
src/pages/APrazo.tsx(1658,15): error TS2339: Property 'div' does not exist on type 'JSX.IntrinsicElements'.
src/pages/APrazo.tsx(1659,17): error TS2339: Property 'button' does not exist on type 'JSX.IntrinsicElements'.
src/pages/APrazo.tsx(1667,17): error TS2339: Property 'button' does not exist on type 'JSX.IntrinsicElements'.
src/pages/APrazo.tsx(1668,17): error TS2339: Property 'button' does not exist on type 'JSX.IntrinsicElements'.
src/pages/APrazo.tsx(1675,17): error TS2339: Property 'button' does not exist on type 'JSX.IntrinsicElements'.
src/pages/APrazo.tsx(1676,15): error TS2339: Property 'div' does not exist on type 'JSX.IntrinsicElements'.
src/pages/APrazo.tsx(1677,13): error TS2339: Property 'form' does not exist on type 'JSX.IntrinsicElements'.
src/pages/APrazo.tsx(1678,11): error TS2339: Property 'div' does not exist on type 'JSX.IntrinsicElements'.
src/pages/APrazo.tsx(1688,11): error TS2339: Property 'div' does not exist on type 'JSX.IntrinsicElements'.
src/pages/APrazo.tsx(1689,13): error TS2339: Property 'div' does not exist on type 'JSX.IntrinsicElements'.
src/pages/APrazo.tsx(1690,15): error TS2339: Property 'h3' does not exist on type 'JSX.IntrinsicElements'.
src/pages/APrazo.tsx(1690,102): error TS2339: Property 'h3' does not exist on type 'JSX.IntrinsicElements'.
src/pages/APrazo.tsx(1691,15): error TS2339: Property 'button' does not exist on type 'JSX.IntrinsicElements'.
src/pages/APrazo.tsx(1691,114): error TS2339: Property 'button' does not exist on type 'JSX.IntrinsicElements'.
src/pages/APrazo.tsx(1692,13): error TS2339: Property 'div' does not exist on type 'JSX.IntrinsicElements'.
src/pages/APrazo.tsx(1693,13): error TS2339: Property 'form' does not exist on type 'JSX.IntrinsicElements'.
src/pages/APrazo.tsx(1695,15): error TS2339: Property 'div' does not exist on type 'JSX.IntrinsicElements'.
src/pages/APrazo.tsx(1696,17): error TS2339: Property 'label' does not exist on type 'JSX.IntrinsicElements'.
src/pages/APrazo.tsx(1696,115): error TS2339: Property 'label' does not exist on type 'JSX.IntrinsicElements'.
src/pages/APrazo.tsx(1697,17): error TS2339: Property 'input' does not exist on type 'JSX.IntrinsicElements'.
src/pages/APrazo.tsx(1700,15): error TS2339: Property 'div' does not exist on type 'JSX.IntrinsicElements'.
src/pages/APrazo.tsx(1701,15): error TS2339: Property 'div' does not exist on type 'JSX.IntrinsicElements'.
src/pages/APrazo.tsx(1702,17): error TS2339: Property 'label' does not exist on type 'JSX.IntrinsicElements'.
src/pages/APrazo.tsx(1702,109): error TS2339: Property 'label' does not exist on type 'JSX.IntrinsicElements'.
src/pages/APrazo.tsx(1703,17): error TS2339: Property 'input' does not exist on type 'JSX.IntrinsicElements'.
src/pages/APrazo.tsx(1706,15): error TS2339: Property 'div' does not exist on type 'JSX.IntrinsicElements'.
src/pages/APrazo.tsx(1707,15): error TS2339: Property 'div' does not exist on type 'JSX.IntrinsicElements'.
src/pages/APrazo.tsx(1708,17): error TS2339: Property 'button' does not exist on type 'JSX.IntrinsicElements'.
src/pages/APrazo.tsx(1708,183): error TS2339: Property 'button' does not exist on type 'JSX.IntrinsicElements'.
src/pages/APrazo.tsx(1709,17): error TS2339: Property 'button' does not exist on type 'JSX.IntrinsicElements'.
src/pages/APrazo.tsx(1709,81): error TS2339: Property 'button' does not exist on type 'JSX.IntrinsicElements'.
src/pages/APrazo.tsx(1710,15): error TS2339: Property 'div' does not exist on type 'JSX.IntrinsicElements'.
src/pages/APrazo.tsx(1711,13): error TS2339: Property 'form' does not exist on type 'JSX.IntrinsicElements'.
src/pages/APrazo.tsx(1712,11): error TS2339: Property 'div' does not exist on type 'JSX.IntrinsicElements'.
src/pages/APrazo.tsx(1719,11): error TS2339: Property 'div' does not exist on type 'JSX.IntrinsicElements'.
src/pages/APrazo.tsx(1720,13): error TS2339: Property 'h3' does not exist on type 'JSX.IntrinsicElements'.
src/pages/APrazo.tsx(1720,117): error TS2339: Property 'h3' does not exist on type 'JSX.IntrinsicElements'.
src/pages/APrazo.tsx(1721,13): error TS2339: Property 'p' does not exist on type 'JSX.IntrinsicElements'.
src/pages/APrazo.tsx(1722,50): error TS2339: Property 'span' does not exist on type 'JSX.IntrinsicElements'.
src/pages/APrazo.tsx(1722,103): error TS2339: Property 'span' does not exist on type 'JSX.IntrinsicElements'.
src/pages/APrazo.tsx(1723,13): error TS2339: Property 'p' does not exist on type 'JSX.IntrinsicElements'.
src/pages/APrazo.tsx(1724,13): error TS2339: Property 'p' does not exist on type 'JSX.IntrinsicElements'.
src/pages/APrazo.tsx(1724,141): error TS2339: Property 'p' does not exist on type 'JSX.IntrinsicElements'.
src/pages/APrazo.tsx(1725,13): error TS2339: Property 'div' does not exist on type 'JSX.IntrinsicElements'.
src/pages/APrazo.tsx(1726,15): error TS2339: Property 'button' does not exist on type 'JSX.IntrinsicElements'.
src/pages/APrazo.tsx(1728,15): error TS2339: Property 'button' does not exist on type 'JSX.IntrinsicElements'.
src/pages/APrazo.tsx(1729,15): error TS2339: Property 'button' does not exist on type 'JSX.IntrinsicElements'.
src/pages/APrazo.tsx(1731,15): error TS2339: Property 'button' does not exist on type 'JSX.IntrinsicElements'.
src/pages/APrazo.tsx(1732,13): error TS2339: Property 'div' does not exist on type 'JSX.IntrinsicElements'.
src/pages/APrazo.tsx(1733,11): error TS2339: Property 'div' does not exist on type 'JSX.IntrinsicElements'.
src/pages/APrazo.tsx(1740,11): error TS2339: Property 'div' does not exist on type 'JSX.IntrinsicElements'.
src/pages/APrazo.tsx(1741,13): error TS2339: Property 'div' does not exist on type 'JSX.IntrinsicElements'.
src/pages/APrazo.tsx(1742,15): error TS2339: Property 'h3' does not exist on type 'JSX.IntrinsicElements'.
src/pages/APrazo.tsx(1742,95): error TS2339: Property 'h3' does not exist on type 'JSX.IntrinsicElements'.
src/pages/APrazo.tsx(1743,15): error TS2339: Property 'button' does not exist on type 'JSX.IntrinsicElements'.
src/pages/APrazo.tsx(1743,120): error TS2339: Property 'button' does not exist on type 'JSX.IntrinsicElements'.
src/pages/APrazo.tsx(1744,13): error TS2339: Property 'div' does not exist on type 'JSX.IntrinsicElements'.
src/pages/APrazo.tsx(1745,13): error TS2339: Property 'form' does not exist on type 'JSX.IntrinsicElements'.
src/pages/APrazo.tsx(1747,15): error TS2339: Property 'div' does not exist on type 'JSX.IntrinsicElements'.
src/pages/APrazo.tsx(1748,17): error TS2339: Property 'label' does not exist on type 'JSX.IntrinsicElements'.
src/pages/APrazo.tsx(1748,112): error TS2339: Property 'label' does not exist on type 'JSX.IntrinsicElements'.
src/pages/APrazo.tsx(1749,17): error TS2339: Property 'div' does not exist on type 'JSX.IntrinsicElements'.
src/pages/APrazo.tsx(1750,19): error TS2339: Property 'input' does not exist on type 'JSX.IntrinsicElements'.
src/pages/APrazo.tsx(1772,21): error TS2339: Property 'div' does not exist on type 'JSX.IntrinsicElements'.
src/pages/APrazo.tsx(1774,25): error TS2339: Property 'button' does not exist on type 'JSX.IntrinsicElements'.
src/pages/APrazo.tsx(1787,27): error TS2339: Property 'span' does not exist on type 'JSX.IntrinsicElements'.
src/pages/APrazo.tsx(1787,78): error TS2339: Property 'span' does not exist on type 'JSX.IntrinsicElements'.
src/pages/APrazo.tsx(1788,27): error TS2339: Property 'span' does not exist on type 'JSX.IntrinsicElements'.
src/pages/APrazo.tsx(1788,125): error TS2339: Property 'span' does not exist on type 'JSX.IntrinsicElements'.
src/pages/APrazo.tsx(1789,25): error TS2339: Property 'button' does not exist on type 'JSX.IntrinsicElements'.
src/pages/APrazo.tsx(1791,21): error TS2339: Property 'div' does not exist on type 'JSX.IntrinsicElements'.
src/pages/APrazo.tsx(1793,17): error TS2339: Property 'div' does not exist on type 'JSX.IntrinsicElements'.
src/pages/APrazo.tsx(1794,15): error TS2339: Property 'div' does not exist on type 'JSX.IntrinsicElements'.
src/pages/APrazo.tsx(1795,15): error TS2339: Property 'div' does not exist on type 'JSX.IntrinsicElements'.
src/pages/APrazo.tsx(1796,17): error TS2339: Property 'label' does not exist on type 'JSX.IntrinsicElements'.
src/pages/APrazo.tsx(1796,115): error TS2339: Property 'label' does not exist on type 'JSX.IntrinsicElements'.
src/pages/APrazo.tsx(1797,17): error TS2339: Property 'input' does not exist on type 'JSX.IntrinsicElements'.
src/pages/APrazo.tsx(1810,15): error TS2339: Property 'div' does not exist on type 'JSX.IntrinsicElements'.
src/pages/APrazo.tsx(1811,15): error TS2339: Property 'div' does not exist on type 'JSX.IntrinsicElements'.
src/pages/APrazo.tsx(1812,17): error TS2339: Property 'label' does not exist on type 'JSX.IntrinsicElements'.
src/pages/APrazo.tsx(1812,121): error TS2339: Property 'label' does not exist on type 'JSX.IntrinsicElements'.
src/pages/APrazo.tsx(1813,17): error TS2339: Property 'input' does not exist on type 'JSX.IntrinsicElements'.
src/pages/APrazo.tsx(1816,15): error TS2339: Property 'div' does not exist on type 'JSX.IntrinsicElements'.
src/pages/APrazo.tsx(1817,33): error TS2339: Property 'p' does not exist on type 'JSX.IntrinsicElements'.
src/pages/APrazo.tsx(1817,84): error TS2339: Property 'p' does not exist on type 'JSX.IntrinsicElements'.
src/pages/APrazo.tsx(1818,15): error TS2339: Property 'div' does not exist on type 'JSX.IntrinsicElements'.
src/pages/APrazo.tsx(1819,17): error TS2339: Property 'button' does not exist on type 'JSX.IntrinsicElements'.
src/pages/APrazo.tsx(1819,189): error TS2339: Property 'button' does not exist on type 'JSX.IntrinsicElements'.
src/pages/APrazo.tsx(1820,17): error TS2339: Property 'button' does not exist on type 'JSX.IntrinsicElements'.
src/pages/APrazo.tsx(1820,81): error TS2339: Property 'button' does not exist on type 'JSX.IntrinsicElements'.
src/pages/APrazo.tsx(1821,15): error TS2339: Property 'div' does not exist on type 'JSX.IntrinsicElements'.
src/pages/APrazo.tsx(1822,13): error TS2339: Property 'form' does not exist on type 'JSX.IntrinsicElements'.
src/pages/APrazo.tsx(1823,11): error TS2339: Property 'div' does not exist on type 'JSX.IntrinsicElements'.
src/pages/APrazo.tsx(1833,5): error TS2339: Property 'div' does not exist on type 'JSX.IntrinsicElements'.
src/pages/APrazo.tsx(1964,5): error TS2339: Property 'div' does not exist on type 'JSX.IntrinsicElements'.
src/pages/APrazo.tsx(1966,7): error TS2339: Property 'div' does not exist on type 'JSX.IntrinsicElements'.
src/pages/APrazo.tsx(1967,9): error TS2339: Property 'div' does not exist on type 'JSX.IntrinsicElements'.
src/pages/APrazo.tsx(1971,9): error TS2339: Property 'div' does not exist on type 'JSX.IntrinsicElements'.
src/pages/APrazo.tsx(1972,9): error TS2339: Property 'div' does not exist on type 'JSX.IntrinsicElements'.
src/pages/APrazo.tsx(1976,9): error TS2339: Property 'div' does not exist on type 'JSX.IntrinsicElements'.
src/pages/APrazo.tsx(1977,9): error TS2339: Property 'div' does not exist on type 'JSX.IntrinsicElements'.
src/pages/APrazo.tsx(1978,11): error TS2339: Property 'p' does not exist on type 'JSX.IntrinsicElements'.
src/pages/APrazo.tsx(1978,83): error TS2339: Property 'p' does not exist on type 'JSX.IntrinsicElements'.
src/pages/APrazo.tsx(1979,11): error TS2339: Property 'p' does not exist on type 'JSX.IntrinsicElements'.
src/pages/APrazo.tsx(1979,128): error TS2339: Property 'p' does not exist on type 'JSX.IntrinsicElements'.
src/pages/APrazo.tsx(1980,9): error TS2339: Property 'div' does not exist on type 'JSX.IntrinsicElements'.
src/pages/APrazo.tsx(1981,7): error TS2339: Property 'div' does not exist on type 'JSX.IntrinsicElements'.
src/pages/APrazo.tsx(1983,7): error TS2339: Property 'div' does not exist on type 'JSX.IntrinsicElements'.
src/pages/APrazo.tsx(1984,9): error TS2339: Property 'table' does not exist on type 'JSX.IntrinsicElements'.
src/pages/APrazo.tsx(1985,11): error TS2339: Property 'thead' does not exist on type 'JSX.IntrinsicElements'.
src/pages/APrazo.tsx(1986,13): error TS2339: Property 'tr' does not exist on type 'JSX.IntrinsicElements'.
src/pages/APrazo.tsx(1987,15): error TS2339: Property 'th' does not exist on type 'JSX.IntrinsicElements'.
src/pages/APrazo.tsx(1987,48): error TS2339: Property 'th' does not exist on type 'JSX.IntrinsicElements'.
src/pages/APrazo.tsx(1988,15): error TS2339: Property 'th' does not exist on type 'JSX.IntrinsicElements'.
src/pages/APrazo.tsx(1988,59): error TS2339: Property 'th' does not exist on type 'JSX.IntrinsicElements'.
src/pages/APrazo.tsx(1989,15): error TS2339: Property 'th' does not exist on type 'JSX.IntrinsicElements'.
src/pages/APrazo.tsx(1989,56): error TS2339: Property 'th' does not exist on type 'JSX.IntrinsicElements'.
src/pages/APrazo.tsx(1990,15): error TS2339: Property 'th' does not exist on type 'JSX.IntrinsicElements'.
src/pages/APrazo.tsx(1990,57): error TS2339: Property 'th' does not exist on type 'JSX.IntrinsicElements'.
src/pages/APrazo.tsx(1991,15): error TS2339: Property 'th' does not exist on type 'JSX.IntrinsicElements'.
src/pages/APrazo.tsx(1991,41): error TS2339: Property 'th' does not exist on type 'JSX.IntrinsicElements'.
src/pages/APrazo.tsx(1992,13): error TS2339: Property 'tr' does not exist on type 'JSX.IntrinsicElements'.
src/pages/APrazo.tsx(1993,11): error TS2339: Property 'thead' does not exist on type 'JSX.IntrinsicElements'.
src/pages/APrazo.tsx(1994,11): error TS2339: Property 'tbody' does not exist on type 'JSX.IntrinsicElements'.
src/pages/APrazo.tsx(1996,15): error TS2339: Property 'tr' does not exist on type 'JSX.IntrinsicElements'.
src/pages/APrazo.tsx(1996,19): error TS2339: Property 'td' does not exist on type 'JSX.IntrinsicElements'.
src/pages/APrazo.tsx(1996,105): error TS2339: Property 'td' does not exist on type 'JSX.IntrinsicElements'.
src/pages/APrazo.tsx(1996,110): error TS2339: Property 'tr' does not exist on type 'JSX.IntrinsicElements'.
src/pages/APrazo.tsx(1999,15): error TS2339: Property 'tr' does not exist on type 'JSX.IntrinsicElements'.
src/pages/APrazo.tsx(2006,17): error TS2339: Property 'td' does not exist on type 'JSX.IntrinsicElements'.
src/pages/APrazo.tsx(2006,76): error TS2339: Property 'td' does not exist on type 'JSX.IntrinsicElements'.
src/pages/APrazo.tsx(2007,17): error TS2339: Property 'td' does not exist on type 'JSX.IntrinsicElements'.
src/pages/APrazo.tsx(2007,117): error TS2339: Property 'td' does not exist on type 'JSX.IntrinsicElements'.
src/pages/APrazo.tsx(2008,17): error TS2339: Property 'td' does not exist on type 'JSX.IntrinsicElements'.
src/pages/APrazo.tsx(2008,115): error TS2339: Property 'td' does not exist on type 'JSX.IntrinsicElements'.
src/pages/APrazo.tsx(2009,17): error TS2339: Property 'td' does not exist on type 'JSX.IntrinsicElements'.
src/pages/APrazo.tsx(2011,17): error TS2339: Property 'td' does not exist on type 'JSX.IntrinsicElements'.
src/pages/APrazo.tsx(2012,17): error TS2339: Property 'td' does not exist on type 'JSX.IntrinsicElements'.
src/pages/APrazo.tsx(2013,19): error TS2339: Property 'button' does not exist on type 'JSX.IntrinsicElements'.
src/pages/APrazo.tsx(2022,19): error TS2339: Property 'button' does not exist on type 'JSX.IntrinsicElements'.
src/pages/APrazo.tsx(2023,17): error TS2339: Property 'td' does not exist on type 'JSX.IntrinsicElements'.
src/pages/APrazo.tsx(2024,15): error TS2339: Property 'tr' does not exist on type 'JSX.IntrinsicElements'.
src/pages/APrazo.tsx(2026,11): error TS2339: Property 'tbody' does not exist on type 'JSX.IntrinsicElements'.
src/pages/APrazo.tsx(2027,9): error TS2339: Property 'table' does not exist on type 'JSX.IntrinsicElements'.
src/pages/APrazo.tsx(2028,7): error TS2339: Property 'div' does not exist on type 'JSX.IntrinsicElements'.
src/pages/APrazo.tsx(2029,5): error TS2339: Property 'div' does not exist on type 'JSX.IntrinsicElements'.
src/pages/APrazo.tsx(2345,7): error TS2339: Property 'div' does not exist on type 'JSX.IntrinsicElements'.
src/pages/APrazo.tsx(2346,9): error TS2339: Property 'div' does not exist on type 'JSX.IntrinsicElements'.
src/pages/APrazo.tsx(2347,11): error TS2339: Property 'h3' does not exist on type 'JSX.IntrinsicElements'.
src/pages/APrazo.tsx(2347,96): error TS2339: Property 'h3' does not exist on type 'JSX.IntrinsicElements'.
src/pages/APrazo.tsx(2348,11): error TS2339: Property 'button' does not exist on type 'JSX.IntrinsicElements'.
src/pages/APrazo.tsx(2348,99): error TS2339: Property 'button' does not exist on type 'JSX.IntrinsicElements'.
src/pages/APrazo.tsx(2349,9): error TS2339: Property 'div' does not exist on type 'JSX.IntrinsicElements'.
src/pages/APrazo.tsx(2350,9): error TS2339: Property 'div' does not exist on type 'JSX.IntrinsicElements'.
src/pages/APrazo.tsx(2351,11): error TS2339: Property 'button' does not exist on type 'JSX.IntrinsicElements'.
src/pages/APrazo.tsx(2356,13): error TS2339: Property 'div' does not exist on type 'JSX.IntrinsicElements'.
src/pages/APrazo.tsx(2357,15): error TS2339: Property 'p' does not exist on type 'JSX.IntrinsicElements'.
src/pages/APrazo.tsx(2357,50): error TS2339: Property 'p' does not exist on type 'JSX.IntrinsicElements'.
src/pages/APrazo.tsx(2358,15): error TS2339: Property 'p' does not exist on type 'JSX.IntrinsicElements'.
src/pages/APrazo.tsx(2358,93): error TS2339: Property 'p' does not exist on type 'JSX.IntrinsicElements'.
src/pages/APrazo.tsx(2359,13): error TS2339: Property 'div' does not exist on type 'JSX.IntrinsicElements'.
src/pages/APrazo.tsx(2360,11): error TS2339: Property 'button' does not exist on type 'JSX.IntrinsicElements'.
src/pages/APrazo.tsx(2361,11): error TS2339: Property 'button' does not exist on type 'JSX.IntrinsicElements'.
src/pages/APrazo.tsx(2365,13): error TS2339: Property 'svg' does not exist on type 'JSX.IntrinsicElements'.
src/pages/APrazo.tsx(2365,97): error TS2339: Property 'path' does not exist on type 'JSX.IntrinsicElements'.
src/pages/APrazo.tsx(2365,1213): error TS2339: Property 'svg' does not exist on type 'JSX.IntrinsicElements'.
src/pages/APrazo.tsx(2366,13): error TS2339: Property 'div' does not exist on type 'JSX.IntrinsicElements'.
src/pages/APrazo.tsx(2367,15): error TS2339: Property 'p' does not exist on type 'JSX.IntrinsicElements'.
src/pages/APrazo.tsx(2367,60): error TS2339: Property 'p' does not exist on type 'JSX.IntrinsicElements'.
src/pages/APrazo.tsx(2368,15): error TS2339: Property 'p' does not exist on type 'JSX.IntrinsicElements'.
src/pages/APrazo.tsx(2368,97): error TS2339: Property 'p' does not exist on type 'JSX.IntrinsicElements'.
src/pages/APrazo.tsx(2369,13): error TS2339: Property 'div' does not exist on type 'JSX.IntrinsicElements'.
src/pages/APrazo.tsx(2370,11): error TS2339: Property 'button' does not exist on type 'JSX.IntrinsicElements'.
src/pages/APrazo.tsx(2371,11): error TS2339: Property 'div' does not exist on type 'JSX.IntrinsicElements'.
src/pages/APrazo.tsx(2372,13): error TS2339: Property 'button' does not exist on type 'JSX.IntrinsicElements'.
src/pages/APrazo.tsx(2378,15): error TS2339: Property 'div' does not exist on type 'JSX.IntrinsicElements'.
src/pages/APrazo.tsx(2379,17): error TS2339: Property 'p' does not exist on type 'JSX.IntrinsicElements'.
src/pages/APrazo.tsx(2379,50): error TS2339: Property 'p' does not exist on type 'JSX.IntrinsicElements'.
src/pages/APrazo.tsx(2380,17): error TS2339: Property 'p' does not exist on type 'JSX.IntrinsicElements'.
src/pages/APrazo.tsx(2380,93): error TS2339: Property 'p' does not exist on type 'JSX.IntrinsicElements'.
src/pages/APrazo.tsx(2381,15): error TS2339: Property 'div' does not exist on type 'JSX.IntrinsicElements'.
src/pages/APrazo.tsx(2382,13): error TS2339: Property 'button' does not exist on type 'JSX.IntrinsicElements'.
src/pages/APrazo.tsx(2384,15): error TS2339: Property 'div' does not exist on type 'JSX.IntrinsicElements'.
src/pages/APrazo.tsx(2385,17): error TS2339: Property 'div' does not exist on type 'JSX.IntrinsicElements'.
src/pages/APrazo.tsx(2386,15): error TS2339: Property 'div' does not exist on type 'JSX.IntrinsicElements'.
src/pages/APrazo.tsx(2388,11): error TS2339: Property 'div' does not exist on type 'JSX.IntrinsicElements'.
src/pages/APrazo.tsx(2389,9): error TS2339: Property 'div' does not exist on type 'JSX.IntrinsicElements'.
src/pages/APrazo.tsx(2391,9): error TS2339: Property 'div' does not exist on type 'JSX.IntrinsicElements'.
src/pages/APrazo.tsx(2393,13): error TS2339: Property 'p' does not exist on type 'JSX.IntrinsicElements'.
src/pages/APrazo.tsx(2393,71): error TS2339: Property 'p' does not exist on type 'JSX.IntrinsicElements'.
src/pages/APrazo.tsx(2395,13): error TS2339: Property 'div' does not exist on type 'JSX.IntrinsicElements'.
src/pages/APrazo.tsx(2397,11): error TS2339: Property 'button' does not exist on type 'JSX.IntrinsicElements'.
src/pages/APrazo.tsx(2402,11): error TS2339: Property 'button' does not exist on type 'JSX.IntrinsicElements'.
src/pages/APrazo.tsx(2403,9): error TS2339: Property 'div' does not exist on type 'JSX.IntrinsicElements'.
src/pages/APrazo.tsx(2404,7): error TS2339: Property 'div' does not exist on type 'JSX.IntrinsicElements'.
src/pages/APrazo.tsx(2515,5): error TS2339: Property 'div' does not exist on type 'JSX.IntrinsicElements'.
src/pages/APrazo.tsx(2516,7): error TS2339: Property 'div' does not exist on type 'JSX.IntrinsicElements'.
src/pages/APrazo.tsx(2517,9): error TS2339: Property 'div' does not exist on type 'JSX.IntrinsicElements'.
src/pages/APrazo.tsx(2520,11): error TS2339: Property 'input' does not exist on type 'JSX.IntrinsicElements'.
src/pages/APrazo.tsx(2531,9): error TS2339: Property 'div' does not exist on type 'JSX.IntrinsicElements'.
src/pages/APrazo.tsx(2532,9): error TS2339: Property 'div' does not exist on type 'JSX.IntrinsicElements'.
src/pages/APrazo.tsx(2533,11): error TS2339: Property 'p' does not exist on type 'JSX.IntrinsicElements'.
src/pages/APrazo.tsx(2533,83): error TS2339: Property 'p' does not exist on type 'JSX.IntrinsicElements'.
src/pages/APrazo.tsx(2534,11): error TS2339: Property 'p' does not exist on type 'JSX.IntrinsicElements'.
src/pages/APrazo.tsx(2534,89): error TS2339: Property 'p' does not exist on type 'JSX.IntrinsicElements'.
src/pages/APrazo.tsx(2535,9): error TS2339: Property 'div' does not exist on type 'JSX.IntrinsicElements'.
src/pages/APrazo.tsx(2536,7): error TS2339: Property 'div' does not exist on type 'JSX.IntrinsicElements'.
src/pages/APrazo.tsx(2538,7): error TS2339: Property 'div' does not exist on type 'JSX.IntrinsicElements'.
src/pages/APrazo.tsx(2539,9): error TS2339: Property 'table' does not exist on type 'JSX.IntrinsicElements'.
src/pages/APrazo.tsx(2540,11): error TS2339: Property 'thead' does not exist on type 'JSX.IntrinsicElements'.
src/pages/APrazo.tsx(2541,13): error TS2339: Property 'tr' does not exist on type 'JSX.IntrinsicElements'.
src/pages/APrazo.tsx(2542,15): error TS2339: Property 'th' does not exist on type 'JSX.IntrinsicElements'.
src/pages/APrazo.tsx(2542,47): error TS2339: Property 'th' does not exist on type 'JSX.IntrinsicElements'.
src/pages/APrazo.tsx(2543,15): error TS2339: Property 'th' does not exist on type 'JSX.IntrinsicElements'.
src/pages/APrazo.tsx(2543,48): error TS2339: Property 'th' does not exist on type 'JSX.IntrinsicElements'.
src/pages/APrazo.tsx(2544,15): error TS2339: Property 'th' does not exist on type 'JSX.IntrinsicElements'.
src/pages/APrazo.tsx(2544,62): error TS2339: Property 'th' does not exist on type 'JSX.IntrinsicElements'.
src/pages/APrazo.tsx(2545,15): error TS2339: Property 'th' does not exist on type 'JSX.IntrinsicElements'.
src/pages/APrazo.tsx(2545,59): error TS2339: Property 'th' does not exist on type 'JSX.IntrinsicElements'.
src/pages/APrazo.tsx(2546,15): error TS2339: Property 'th' does not exist on type 'JSX.IntrinsicElements'.
src/pages/APrazo.tsx(2546,56): error TS2339: Property 'th' does not exist on type 'JSX.IntrinsicElements'.
src/pages/APrazo.tsx(2547,15): error TS2339: Property 'th' does not exist on type 'JSX.IntrinsicElements'.
src/pages/APrazo.tsx(2547,41): error TS2339: Property 'th' does not exist on type 'JSX.IntrinsicElements'.
src/pages/APrazo.tsx(2548,13): error TS2339: Property 'tr' does not exist on type 'JSX.IntrinsicElements'.
src/pages/APrazo.tsx(2549,11): error TS2339: Property 'thead' does not exist on type 'JSX.IntrinsicElements'.
src/pages/APrazo.tsx(2550,11): error TS2339: Property 'tbody' does not exist on type 'JSX.IntrinsicElements'.
src/pages/APrazo.tsx(2552,15): error TS2339: Property 'tr' does not exist on type 'JSX.IntrinsicElements'.
src/pages/APrazo.tsx(2552,19): error TS2339: Property 'td' does not exist on type 'JSX.IntrinsicElements'.
src/pages/APrazo.tsx(2552,114): error TS2339: Property 'td' does not exist on type 'JSX.IntrinsicElements'.
src/pages/APrazo.tsx(2552,119): error TS2339: Property 'tr' does not exist on type 'JSX.IntrinsicElements'.
src/pages/APrazo.tsx(2555,15): error TS2339: Property 'tr' does not exist on type 'JSX.IntrinsicElements'.
src/pages/APrazo.tsx(2561,17): error TS2339: Property 'td' does not exist on type 'JSX.IntrinsicElements'.
src/pages/APrazo.tsx(2562,19): error TS2339: Property 'span' does not exist on type 'JSX.IntrinsicElements'.
src/pages/APrazo.tsx(2564,19): error TS2339: Property 'span' does not exist on type 'JSX.IntrinsicElements'.
src/pages/APrazo.tsx(2565,17): error TS2339: Property 'td' does not exist on type 'JSX.IntrinsicElements'.
src/pages/APrazo.tsx(2566,17): error TS2339: Property 'td' does not exist on type 'JSX.IntrinsicElements'.
src/pages/APrazo.tsx(2566,84): error TS2339: Property 'td' does not exist on type 'JSX.IntrinsicElements'.
src/pages/APrazo.tsx(2567,17): error TS2339: Property 'td' does not exist on type 'JSX.IntrinsicElements'.
src/pages/APrazo.tsx(2567,112): error TS2339: Property 'td' does not exist on type 'JSX.IntrinsicElements'.
src/pages/APrazo.tsx(2568,17): error TS2339: Property 'td' does not exist on type 'JSX.IntrinsicElements'.
src/pages/APrazo.tsx(2568,117): error TS2339: Property 'td' does not exist on type 'JSX.IntrinsicElements'.
src/pages/APrazo.tsx(2569,17): error TS2339: Property 'td' does not exist on type 'JSX.IntrinsicElements'.
src/pages/APrazo.tsx(2569,125): error TS2339: Property 'td' does not exist on type 'JSX.IntrinsicElements'.
src/pages/APrazo.tsx(2570,17): error TS2339: Property 'td' does not exist on type 'JSX.IntrinsicElements'.
src/pages/APrazo.tsx(2571,19): error TS2339: Property 'button' does not exist on type 'JSX.IntrinsicElements'.
src/pages/APrazo.tsx(2577,19): error TS2339: Property 'button' does not exist on type 'JSX.IntrinsicElements'.
src/pages/APrazo.tsx(2578,17): error TS2339: Property 'td' does not exist on type 'JSX.IntrinsicElements'.
src/pages/APrazo.tsx(2579,15): error TS2339: Property 'tr' does not exist on type 'JSX.IntrinsicElements'.
src/pages/APrazo.tsx(2581,11): error TS2339: Property 'tbody' does not exist on type 'JSX.IntrinsicElements'.
src/pages/APrazo.tsx(2582,9): error TS2339: Property 'table' does not exist on type 'JSX.IntrinsicElements'.
src/pages/APrazo.tsx(2583,7): error TS2339: Property 'div' does not exist on type 'JSX.IntrinsicElements'.
src/pages/APrazo.tsx(2596,13): error TS2339: Property 'div' does not exist on type 'JSX.IntrinsicElements'.
src/pages/APrazo.tsx(2598,15): error TS2339: Property 'div' does not exist on type 'JSX.IntrinsicElements'.
src/pages/APrazo.tsx(2599,17): error TS2339: Property 'div' does not exist on type 'JSX.IntrinsicElements'.
src/pages/APrazo.tsx(2600,19): error TS2339: Property 'h3' does not exist on type 'JSX.IntrinsicElements'.
src/pages/APrazo.tsx(2600,117): error TS2339: Property 'h3' does not exist on type 'JSX.IntrinsicElements'.
src/pages/APrazo.tsx(2601,19): error TS2339: Property 'div' does not exist on type 'JSX.IntrinsicElements'.
src/pages/APrazo.tsx(2602,21): error TS2339: Property 'p' does not exist on type 'JSX.IntrinsicElements'.
src/pages/APrazo.tsx(2602,115): error TS2339: Property 'p' does not exist on type 'JSX.IntrinsicElements'.
src/pages/APrazo.tsx(2604,23): error TS2339: Property 'span' does not exist on type 'JSX.IntrinsicElements'.
src/pages/APrazo.tsx(2606,23): error TS2339: Property 'span' does not exist on type 'JSX.IntrinsicElements'.
src/pages/APrazo.tsx(2608,55): error TS2339: Property 'span' does not exist on type 'JSX.IntrinsicElements'.
src/pages/APrazo.tsx(2608,128): error TS2339: Property 'span' does not exist on type 'JSX.IntrinsicElements'.
src/pages/APrazo.tsx(2609,19): error TS2339: Property 'div' does not exist on type 'JSX.IntrinsicElements'.
src/pages/APrazo.tsx(2610,17): error TS2339: Property 'div' does not exist on type 'JSX.IntrinsicElements'.
src/pages/APrazo.tsx(2611,17): error TS2339: Property 'div' does not exist on type 'JSX.IntrinsicElements'.
src/pages/APrazo.tsx(2612,19): error TS2339: Property 'button' does not exist on type 'JSX.IntrinsicElements'.
src/pages/APrazo.tsx(2617,19): error TS2339: Property 'button' does not exist on type 'JSX.IntrinsicElements'.
src/pages/APrazo.tsx(2618,19): error TS2339: Property 'button' does not exist on type 'JSX.IntrinsicElements'.
src/pages/APrazo.tsx(2618,128): error TS2339: Property 'button' does not exist on type 'JSX.IntrinsicElements'.
src/pages/APrazo.tsx(2619,17): error TS2339: Property 'div' does not exist on type 'JSX.IntrinsicElements'.
src/pages/APrazo.tsx(2620,15): error TS2339: Property 'div' does not exist on type 'JSX.IntrinsicElements'.
src/pages/APrazo.tsx(2622,15): error TS2339: Property 'div' does not exist on type 'JSX.IntrinsicElements'.
src/pages/APrazo.tsx(2624,17): error TS2339: Property 'div' does not exist on type 'JSX.IntrinsicElements'.
src/pages/APrazo.tsx(2625,19): error TS2339: Property 'p' does not exist on type 'JSX.IntrinsicElements'.
src/pages/APrazo.tsx(2625,159): error TS2339: Property 'p' does not exist on type 'JSX.IntrinsicElements'.
src/pages/APrazo.tsx(2626,19): error TS2339: Property 'div' does not exist on type 'JSX.IntrinsicElements'.
src/pages/APrazo.tsx(2627,44): error TS2339: Property 'p' does not exist on type 'JSX.IntrinsicElements'.
src/pages/APrazo.tsx(2627,112): error TS2339: Property 'p' does not exist on type 'JSX.IntrinsicElements'.
src/pages/APrazo.tsx(2629,23): error TS2339: Property 'div' does not exist on type 'JSX.IntrinsicElements'.
src/pages/APrazo.tsx(2630,25): error TS2339: Property 'span' does not exist on type 'JSX.IntrinsicElements'.
src/pages/APrazo.tsx(2630,113): error TS2339: Property 'span' does not exist on type 'JSX.IntrinsicElements'.
src/pages/APrazo.tsx(2631,25): error TS2339: Property 'span' does not exist on type 'JSX.IntrinsicElements'.
src/pages/APrazo.tsx(2631,116): error TS2339: Property 'span' does not exist on type 'JSX.IntrinsicElements'.
src/pages/APrazo.tsx(2632,25): error TS2339: Property 'span' does not exist on type 'JSX.IntrinsicElements'.
src/pages/APrazo.tsx(2632,104): error TS2339: Property 'span' does not exist on type 'JSX.IntrinsicElements'.
src/pages/APrazo.tsx(2633,25): error TS2339: Property 'span' does not exist on type 'JSX.IntrinsicElements'.
src/pages/APrazo.tsx(2635,25): error TS2339: Property 'span' does not exist on type 'JSX.IntrinsicElements'.
src/pages/APrazo.tsx(2636,23): error TS2339: Property 'div' does not exist on type 'JSX.IntrinsicElements'.
src/pages/APrazo.tsx(2638,19): error TS2339: Property 'div' does not exist on type 'JSX.IntrinsicElements'.
src/pages/APrazo.tsx(2639,17): error TS2339: Property 'div' does not exist on type 'JSX.IntrinsicElements'.
src/pages/APrazo.tsx(2641,17): error TS2339: Property 'div' does not exist on type 'JSX.IntrinsicElements'.
src/pages/APrazo.tsx(2642,19): error TS2339: Property 'p' does not exist on type 'JSX.IntrinsicElements'.
src/pages/APrazo.tsx(2642,145): error TS2339: Property 'p' does not exist on type 'JSX.IntrinsicElements'.
src/pages/APrazo.tsx(2643,19): error TS2339: Property 'div' does not exist on type 'JSX.IntrinsicElements'.
src/pages/APrazo.tsx(2644,43): error TS2339: Property 'p' does not exist on type 'JSX.IntrinsicElements'.
src/pages/APrazo.tsx(2644,103): error TS2339: Property 'p' does not exist on type 'JSX.IntrinsicElements'.
src/pages/APrazo.tsx(2646,23): error TS2339: Property 'div' does not exist on type 'JSX.IntrinsicElements'.
src/pages/APrazo.tsx(2647,25): error TS2339: Property 'div' does not exist on type 'JSX.IntrinsicElements'.
src/pages/APrazo.tsx(2648,27): error TS2339: Property 'p' does not exist on type 'JSX.IntrinsicElements'.
src/pages/APrazo.tsx(2648,101): error TS2339: Property 'p' does not exist on type 'JSX.IntrinsicElements'.
src/pages/APrazo.tsx(2649,44): error TS2339: Property 'p' does not exist on type 'JSX.IntrinsicElements'.
src/pages/APrazo.tsx(2649,104): error TS2339: Property 'p' does not exist on type 'JSX.IntrinsicElements'.
src/pages/APrazo.tsx(2650,25): error TS2339: Property 'div' does not exist on type 'JSX.IntrinsicElements'.
src/pages/APrazo.tsx(2651,25): error TS2339: Property 'span' does not exist on type 'JSX.IntrinsicElements'.
src/pages/APrazo.tsx(2651,109): error TS2339: Property 'span' does not exist on type 'JSX.IntrinsicElements'.
src/pages/APrazo.tsx(2652,23): error TS2339: Property 'div' does not exist on type 'JSX.IntrinsicElements'.
src/pages/APrazo.tsx(2654,19): error TS2339: Property 'div' does not exist on type 'JSX.IntrinsicElements'.
src/pages/APrazo.tsx(2655,17): error TS2339: Property 'div' does not exist on type 'JSX.IntrinsicElements'.
src/pages/APrazo.tsx(2656,15): error TS2339: Property 'div' does not exist on type 'JSX.IntrinsicElements'.
src/pages/APrazo.tsx(2658,15): error TS2339: Property 'div' does not exist on type 'JSX.IntrinsicElements'.
src/pages/APrazo.tsx(2659,17): error TS2339: Property 'div' does not exist on type 'JSX.IntrinsicElements'.
src/pages/APrazo.tsx(2660,19): error TS2339: Property 'p' does not exist on type 'JSX.IntrinsicElements'.
src/pages/APrazo.tsx(2660,83): error TS2339: Property 'p' does not exist on type 'JSX.IntrinsicElements'.
src/pages/APrazo.tsx(2661,19): error TS2339: Property 'p' does not exist on type 'JSX.IntrinsicElements'.
src/pages/APrazo.tsx(2661,98): error TS2339: Property 'p' does not exist on type 'JSX.IntrinsicElements'.
src/pages/APrazo.tsx(2662,17): error TS2339: Property 'div' does not exist on type 'JSX.IntrinsicElements'.
src/pages/APrazo.tsx(2663,17): error TS2339: Property 'div' does not exist on type 'JSX.IntrinsicElements'.
src/pages/APrazo.tsx(2664,19): error TS2339: Property 'p' does not exist on type 'JSX.IntrinsicElements'.
src/pages/APrazo.tsx(2664,80): error TS2339: Property 'p' does not exist on type 'JSX.IntrinsicElements'.
src/pages/APrazo.tsx(2665,19): error TS2339: Property 'p' does not exist on type 'JSX.IntrinsicElements'.
src/pages/APrazo.tsx(2665,99): error TS2339: Property 'p' does not exist on type 'JSX.IntrinsicElements'.
src/pages/APrazo.tsx(2666,17): error TS2339: Property 'div' does not exist on type 'JSX.IntrinsicElements'.
src/pages/APrazo.tsx(2667,15): error TS2339: Property 'div' does not exist on type 'JSX.IntrinsicElements'.
src/pages/APrazo.tsx(2668,13): error TS2339: Property 'div' does not exist on type 'JSX.IntrinsicElements'.
src/pages/APrazo.tsx(2685,5): error TS2339: Property 'div' does not exist on type 'JSX.IntrinsicElements'.
src/pages/APrazo.tsx(2722,5): error TS2339: Property 'div' does not exist on type 'JSX.IntrinsicElements'.
src/pages/APrazo.tsx(2724,7): error TS2339: Property 'div' does not exist on type 'JSX.IntrinsicElements'.
src/pages/APrazo.tsx(2725,9): error TS2339: Property 'h1' does not exist on type 'JSX.IntrinsicElements'.
src/pages/APrazo.tsx(2725,93): error TS2339: Property 'h1' does not exist on type 'JSX.IntrinsicElements'.
src/pages/APrazo.tsx(2727,11): error TS2339: Property 'button' does not exist on type 'JSX.IntrinsicElements'.
src/pages/APrazo.tsx(2737,13): error TS2339: Property 'span' does not exist on type 'JSX.IntrinsicElements'.
src/pages/APrazo.tsx(2737,150): error TS2339: Property 'span' does not exist on type 'JSX.IntrinsicElements'.
src/pages/APrazo.tsx(2738,11): error TS2339: Property 'button' does not exist on type 'JSX.IntrinsicElements'.
src/pages/APrazo.tsx(2740,7): error TS2339: Property 'div' does not exist on type 'JSX.IntrinsicElements'.
src/pages/APrazo.tsx(2743,7): error TS2339: Property 'div' does not exist on type 'JSX.IntrinsicElements'.
src/pages/APrazo.tsx(2748,7): error TS2339: Property 'div' does not exist on type 'JSX.IntrinsicElements'.
src/pages/APrazo.tsx(2749,5): error TS2339: Property 'div' does not exist on type 'JSX.IntrinsicElements'.
../../node_modules/@types/node/http.d.ts(2155,36): error TS2792: Cannot find module 'undici-types'. Did you mean to set the 'moduleResolution' option to 'nodenext', or to add aliases to the 'paths' option?
../../node_modules/@types/node/http.d.ts(2159,37): error TS2792: Cannot find module 'undici-types'. Did you mean to set the 'moduleResolution' option to 'nodenext', or to add aliases to the 'paths' option?
../../node_modules/@types/node/http.d.ts(2163,39): error TS2792: Cannot find module 'undici-types'. Did you mean to set the 'moduleResolution' option to 'nodenext', or to add aliases to the 'paths' option?
../../node_modules/@types/node/web-globals/fetch.d.ts(3,25): error TS2792: Cannot find module 'undici-types'. Did you mean to set the 'moduleResolution' option to 'nodenext', or to add aliases to the 'paths' option?
../../node_modules/@types/node/worker_threads.d.ts(71,34): error TS2792: Cannot find module 'undici-types'. Did you mean to set the 'moduleResolution' option to 'nodenext', or to add aliases to the 'paths' option?
